
Running 5 tests using 1 worker

  ✓  1 tests/new_pages.spec.ts:4:7 › New Project Pages Verification › About hub should load correctly (372ms)
  ✓  2 tests/new_pages.spec.ts:12:7 › New Project Pages Verification › Roadmap should load correctly (265ms)
  ✓  3 tests/new_pages.spec.ts:19:7 › New Project Pages Verification › Changelog should load correctly (251ms)
  ✘  4 tests/new_pages.spec.ts:25:7 › New Project Pages Verification › Coming Soon page should load correctly (316ms)
  ✓  5 tests/new_pages.spec.ts:32:7 › New Project Pages Verification › Homepage should have links to new sections (910ms)


  1) tests/new_pages.spec.ts:25:7 › New Project Pages Verification › Coming Soon page should load correctly

    Error: locator._expect: expectedNumber: expected float, got object

      27 |     await expect(page.locator('h1')).toContainText('Coming soon');
      28 |     // Check if at least one coming soon language is rendered
    > 29 |     await expect(page.locator('.lang-card-soon')).toHaveCount({ min: 1 });
         |                                                   ^
      30 |   });
      31 |
      32 |   test('Homepage should have links to new sections', async ({ page }) => {
        at /app/tests/new_pages.spec.ts:29:51

    Error Context: test-results/tests-new_pages-New-Projec-8d326--page-should-load-correctly/error-context.md

  1 failed
    tests/new_pages.spec.ts:25:7 › New Project Pages Verification › Coming Soon page should load correctly
  4 passed (4.7s)
